Folder /data2/andynn/Etch/01_dft_trset/01_bulk/01_elastic_deformation/01_alpha_quartz/ has 101 OUTCAR files
Folder /data2/andynn/Etch/01_dft_trset/01_bulk/01_elastic_deformation/02_beta_quartz/ has 91 OUTCAR files
Folder /data2/andynn/Etch/01_dft_trset/01_bulk/01_elastic_deformation/03_alpha_tridymite/ has 91 OUTCAR files
Folder /data2/andynn/Etch/01_dft_trset/01_bulk/01_elastic_deformation/04_beta_crystobalite/ has 31 OUTCAR files
Folder /data2/andynn/Etch/01_dft_trset/01_bulk/02_supercell_MD/01_alpha_quartz/ has 125 OUTCAR files
Folder /data2/andynn/Etch/01_dft_trset/01_bulk/02_supercell_MD/02_beta_quartz/ has 125 OUTCAR files
Folder /data2/andynn/Etch/01_dft_trset/02_bulkmqa/01_SiO2/anneal/ has 376 OUTCAR files
Folder /data2/andynn/Etch/01_dft_trset/02_bulkmqa/01_SiO2/melt/ has 501 OUTCAR files
Folder /data2/andynn/Etch/01_dft_trset/02_bulkmqa/01_SiO2/quench/ has 926 OUTCAR files
Folder /data2/andynn/Etch/01_dft_trset/02_bulkmqa/02_SiO2_melt6000K/00_dft_oneshot/anneal/ has 94 OUTCAR files
Folder /data2/andynn/Etch/01_dft_trset/02_bulkmqa/02_SiO2_melt6000K/00_dft_oneshot/melt/ has 125 OUTCAR files
Folder /data2/andynn/Etch/01_dft_trset/02_bulkmqa/02_SiO2_melt6000K/00_dft_oneshot/quench/ has 179 OUTCAR files
Folder /data2/andynn/Etch/01_dft_trset/02_bulkmqa/03_SiO2_density_2.2/oneshot/anneal/ has 94 OUTCAR files
Folder /data2/andynn/Etch/01_dft_trset/02_bulkmqa/03_SiO2_density_2.2/oneshot/melt/ has 125 OUTCAR files
Folder /data2/andynn/Etch/01_dft_trset/02_bulkmqa/03_SiO2_density_2.2/oneshot/quench/ has 116 OUTCAR files
Folder /data2/andynn/Etch/01_dft_trset/03_gas/01_diatomic/OC/ has 43 OUTCAR files
Folder /data2/andynn/Etch/01_dft_trset/03_gas/01_diatomic/OF/ has 43 OUTCAR files
Folder /data2/andynn/Etch/01_dft_trset/03_gas/01_diatomic/OH/ has 47 OUTCAR files
Folder /data2/andynn/Etch/01_dft_trset/03_gas/01_diatomic/OO/ has 43 OUTCAR files
Folder /data2/andynn/Etch/01_dft_trset/03_gas/01_diatomic/OSi/ has 43 OUTCAR files
Folder /data2/andynn/Etch/01_dft_trset/03_gas/02_polyatomic/02_oneshot/CF2/ has 51 OUTCAR files
Folder /data2/andynn/Etch/01_dft_trset/03_gas/02_polyatomic/02_oneshot/CF2O/ has 51 OUTCAR files
Folder /data2/andynn/Etch/01_dft_trset/03_gas/02_polyatomic/02_oneshot/CF2O2/ has 51 OUTCAR files
Folder /data2/andynn/Etch/01_dft_trset/03_gas/02_polyatomic/02_oneshot/CF3/ has 51 OUTCAR files
Folder /data2/andynn/Etch/01_dft_trset/03_gas/02_polyatomic/02_oneshot/CF3O/ has 51 OUTCAR files
Folder /data2/andynn/Etch/01_dft_trset/03_gas/02_polyatomic/02_oneshot/CF4/ has 51 OUTCAR files
Folder /data2/andynn/Etch/01_dft_trset/03_gas/02_polyatomic/02_oneshot/CFO2/ has 51 OUTCAR files
Folder /data2/andynn/Etch/01_dft_trset/03_gas/02_polyatomic/02_oneshot/CH2/ has 51 OUTCAR files
Folder /data2/andynn/Etch/01_dft_trset/03_gas/02_polyatomic/02_oneshot/CH2F/ has 51 OUTCAR files
Folder /data2/andynn/Etch/01_dft_trset/03_gas/02_polyatomic/02_oneshot/CH2F2/ has 51 OUTCAR files
Folder /data2/andynn/Etch/01_dft_trset/03_gas/02_polyatomic/02_oneshot/CH2FO/ has 51 OUTCAR files
Folder /data2/andynn/Etch/01_dft_trset/03_gas/02_polyatomic/02_oneshot/CH2O/ has 51 OUTCAR files
Folder /data2/andynn/Etch/01_dft_trset/03_gas/02_polyatomic/02_oneshot/CH3/ has 51 OUTCAR files
Folder /data2/andynn/Etch/01_dft_trset/03_gas/02_polyatomic/02_oneshot/CH3F/ has 51 OUTCAR files
Folder /data2/andynn/Etch/01_dft_trset/03_gas/02_polyatomic/02_oneshot/CH3O/ has 51 OUTCAR files
Folder /data2/andynn/Etch/01_dft_trset/03_gas/02_polyatomic/02_oneshot/CH4/ has 51 OUTCAR files
Folder /data2/andynn/Etch/01_dft_trset/03_gas/02_polyatomic/02_oneshot/CHF/ has 51 OUTCAR files
Folder /data2/andynn/Etch/01_dft_trset/03_gas/02_polyatomic/02_oneshot/CHF2/ has 51 OUTCAR files
Folder /data2/andynn/Etch/01_dft_trset/03_gas/02_polyatomic/02_oneshot/CHF2O/ has 51 OUTCAR files
Folder /data2/andynn/Etch/01_dft_trset/03_gas/02_polyatomic/02_oneshot/CHF3/ has 51 OUTCAR files
Folder /data2/andynn/Etch/01_dft_trset/03_gas/02_polyatomic/02_oneshot/CHFO/ has 51 OUTCAR files
Folder /data2/andynn/Etch/01_dft_trset/03_gas/02_polyatomic/02_oneshot/CHO/ has 51 OUTCAR files
Folder /data2/andynn/Etch/01_dft_trset/03_gas/02_polyatomic/02_oneshot/CHO2/ has 51 OUTCAR files
Folder /data2/andynn/Etch/01_dft_trset/03_gas/02_polyatomic/02_oneshot/CO2/ has 51 OUTCAR files
Folder /data2/andynn/Etch/01_dft_trset/03_gas/02_polyatomic/02_oneshot/CO3/ has 51 OUTCAR files
Folder /data2/andynn/Etch/01_dft_trset/03_gas/02_polyatomic/02_oneshot/CO4/ has 51 OUTCAR files
Folder /data2/andynn/Etch/01_dft_trset/03_gas/02_polyatomic/02_oneshot/F2O/ has 51 OUTCAR files
Folder /data2/andynn/Etch/01_dft_trset/03_gas/02_polyatomic/02_oneshot/F2O2Si/ has 51 OUTCAR files
Folder /data2/andynn/Etch/01_dft_trset/03_gas/02_polyatomic/02_oneshot/F2OSi/ has 51 OUTCAR files
Folder /data2/andynn/Etch/01_dft_trset/03_gas/02_polyatomic/02_oneshot/F2Si/ has 51 OUTCAR files
Folder /data2/andynn/Etch/01_dft_trset/03_gas/02_polyatomic/02_oneshot/F3OSi/ has 51 OUTCAR files
Folder /data2/andynn/Etch/01_dft_trset/03_gas/02_polyatomic/02_oneshot/F3Si/ has 51 OUTCAR files
Folder /data2/andynn/Etch/01_dft_trset/03_gas/02_polyatomic/02_oneshot/F4Si/ has 51 OUTCAR files
Folder /data2/andynn/Etch/01_dft_trset/03_gas/02_polyatomic/02_oneshot/FO2Si/ has 51 OUTCAR files
Folder /data2/andynn/Etch/01_dft_trset/03_gas/02_polyatomic/02_oneshot/FO3Si/ has 51 OUTCAR files
Folder /data2/andynn/Etch/01_dft_trset/03_gas/02_polyatomic/02_oneshot/FOSi/ has 51 OUTCAR files
Folder /data2/andynn/Etch/01_dft_trset/03_gas/02_polyatomic/02_oneshot/H2F2Si/ has 51 OUTCAR files
Folder /data2/andynn/Etch/01_dft_trset/03_gas/02_polyatomic/02_oneshot/H2FOSi/ has 51 OUTCAR files
Folder /data2/andynn/Etch/01_dft_trset/03_gas/02_polyatomic/02_oneshot/H2FSi/ has 51 OUTCAR files
Folder /data2/andynn/Etch/01_dft_trset/03_gas/02_polyatomic/02_oneshot/H2O/ has 51 OUTCAR files
Folder /data2/andynn/Etch/01_dft_trset/03_gas/02_polyatomic/02_oneshot/H2OSi/ has 51 OUTCAR files
Folder /data2/andynn/Etch/01_dft_trset/03_gas/02_polyatomic/02_oneshot/H2Si/ has 51 OUTCAR files
Folder /data2/andynn/Etch/01_dft_trset/03_gas/02_polyatomic/02_oneshot/H3FSi/ has 51 OUTCAR files
Folder /data2/andynn/Etch/01_dft_trset/03_gas/02_polyatomic/02_oneshot/H3OSi/ has 51 OUTCAR files
Folder /data2/andynn/Etch/01_dft_trset/03_gas/02_polyatomic/02_oneshot/H3Si/ has 51 OUTCAR files
Folder /data2/andynn/Etch/01_dft_trset/03_gas/02_polyatomic/02_oneshot/H4Si/ has 51 OUTCAR files
Folder /data2/andynn/Etch/01_dft_trset/03_gas/02_polyatomic/02_oneshot/HF2OSi/ has 51 OUTCAR files
Folder /data2/andynn/Etch/01_dft_trset/03_gas/02_polyatomic/02_oneshot/HF2Si/ has 51 OUTCAR files
Folder /data2/andynn/Etch/01_dft_trset/03_gas/02_polyatomic/02_oneshot/HF3Si/ has 51 OUTCAR files
Folder /data2/andynn/Etch/01_dft_trset/03_gas/02_polyatomic/02_oneshot/HFO/ has 51 OUTCAR files
Folder /data2/andynn/Etch/01_dft_trset/03_gas/02_polyatomic/02_oneshot/HFO2Si/ has 51 OUTCAR files
Folder /data2/andynn/Etch/01_dft_trset/03_gas/02_polyatomic/02_oneshot/HFOSi/ has 51 OUTCAR files
Folder /data2/andynn/Etch/01_dft_trset/03_gas/02_polyatomic/02_oneshot/HFSi/ has 51 OUTCAR files
Folder /data2/andynn/Etch/01_dft_trset/03_gas/02_polyatomic/02_oneshot/HO2/ has 51 OUTCAR files
Folder /data2/andynn/Etch/01_dft_trset/03_gas/02_polyatomic/02_oneshot/HO2Si/ has 51 OUTCAR files
Folder /data2/andynn/Etch/01_dft_trset/03_gas/02_polyatomic/02_oneshot/HOSi/ has 51 OUTCAR files
Folder /data2/andynn/Etch/01_dft_trset/03_gas/02_polyatomic/02_oneshot/O2Si/ has 51 OUTCAR files
Folder /data2/andynn/Etch/01_dft_trset/03_gas/02_polyatomic/02_oneshot/O3/ has 51 OUTCAR files
Folder /data2/andynn/Etch/01_dft_trset/03_gas/02_polyatomic/02_oneshot/O3Si/ has 51 OUTCAR files
Folder /data2/andynn/Etch/01_dft_trset/03_gas/02_polyatomic/02_oneshot/O4Si/ has 51 OUTCAR files
Folder /data2/andynn/Etch/01_dft_trset/04_interstitial/01_Si_terminated/01_Si/ has 102 OUTCAR files
Folder /data2/andynn/Etch/01_dft_trset/04_interstitial/01_Si_terminated/02_O/ has 102 OUTCAR files
Folder /data2/andynn/Etch/01_dft_trset/04_interstitial/01_Si_terminated/03_C/ has 100 OUTCAR files
Folder /data2/andynn/Etch/01_dft_trset/04_interstitial/01_Si_terminated/04_H/ has 100 OUTCAR files
Folder /data2/andynn/Etch/01_dft_trset/04_interstitial/01_Si_terminated/05_F/ has 102 OUTCAR files
Folder /data2/andynn/Etch/01_dft_trset/04_interstitial/02_O_terminated/01_Si/ has 103 OUTCAR files
Folder /data2/andynn/Etch/01_dft_trset/04_interstitial/02_O_terminated/02_O/ has 100 OUTCAR files
Folder /data2/andynn/Etch/01_dft_trset/04_interstitial/02_O_terminated/03_C/ has 101 OUTCAR files
Folder /data2/andynn/Etch/01_dft_trset/04_interstitial/02_O_terminated/04_H/ has 100 OUTCAR files
Folder /data2/andynn/Etch/01_dft_trset/04_interstitial/02_O_terminated/05_F/ has 101 OUTCAR files
Folder /data2/andynn/Etch/01_dft_trset/05_vacancy/01_Si_terminated/01_Si_vacancy/01_case1/ has 101 OUTCAR files
Folder /data2/andynn/Etch/01_dft_trset/05_vacancy/01_Si_terminated/01_Si_vacancy/02_case2/ has 102 OUTCAR files
Folder /data2/andynn/Etch/01_dft_trset/05_vacancy/01_Si_terminated/02_O_vacancy/01_case1/ has 100 OUTCAR files
Folder /data2/andynn/Etch/01_dft_trset/05_vacancy/01_Si_terminated/02_O_vacancy/02_case2/ has 100 OUTCAR files
Folder /data2/andynn/Etch/01_dft_trset/05_vacancy/02_O_terminated/01_Si_vacancy/01_case1/ has 101 OUTCAR files
Folder /data2/andynn/Etch/01_dft_trset/05_vacancy/02_O_terminated/01_Si_vacancy/02_case2/ has 103 OUTCAR files
Folder /data2/andynn/Etch/01_dft_trset/05_vacancy/02_O_terminated/02_O_vacancy/01_case1/ has 108 OUTCAR files
Folder /data2/andynn/Etch/01_dft_trset/05_vacancy/02_O_terminated/02_O_vacancy/02_case2/ has 100 OUTCAR files
Folder /data2/andynn/Etch/01_dft_trset/06_vts/01_d_normal/01_12816/ has 780 OUTCAR files
Folder /data2/andynn/Etch/01_dft_trset/06_vts/01_d_normal/02_36313/ has 781 OUTCAR files
Folder /data2/andynn/Etch/01_dft_trset/06_vts/01_d_normal/03_36211/ has 782 OUTCAR files
Folder /data2/andynn/Etch/01_dft_trset/06_vts/01_d_normal/04_36050505/ has 779 OUTCAR files
Folder /data2/andynn/Etch/01_dft_trset/06_vts/01_d_normal/05_33111/ has 388 OUTCAR files
Folder /data2/andynn/Etch/01_dft_trset/06_vts/01_d_normal/06_050505605/ has 388 OUTCAR files
Folder /data2/andynn/Etch/01_dft_trset/06_vts/01_d_normal/07_054050505/ has 388 OUTCAR files
Folder /data2/andynn/Etch/01_dft_trset/06_vts/01_d_normal/08_11003/ has 389 OUTCAR files
Folder /data2/andynn/Etch/01_dft_trset/06_vts/02_d_low/01_12816/ has 782 OUTCAR files
Folder /data2/andynn/Etch/01_dft_trset/06_vts/02_d_low/02_36313/ has 801 OUTCAR files
Folder /data2/andynn/Etch/01_dft_trset/06_vts/02_d_low/03_36211/ has 786 OUTCAR files
Folder /data2/andynn/Etch/01_dft_trset/06_vts/02_d_low/04_36050505/ has 780 OUTCAR files
Folder /data2/andynn/Etch/01_dft_trset/06_vts/02_d_low/05_33111/ has 388 OUTCAR files
Folder /data2/andynn/Etch/01_dft_trset/06_vts/02_d_low/06_050505605/ has 388 OUTCAR files
Folder /data2/andynn/Etch/01_dft_trset/06_vts/02_d_low/07_054050505/ has 388 OUTCAR files
Folder /data2/andynn/Etch/01_dft_trset/06_vts/02_d_low/08_11003/ has 388 OUTCAR files
Folder /data2/andynn/Etch/01_dft_trset/07_slab/01_SiO2/01_SlabMD/01_Si_terminated/01_300K/ has 100 OUTCAR files
Folder /data2/andynn/Etch/01_dft_trset/07_slab/01_SiO2/01_SlabMD/01_Si_terminated/02_2000K/ has 100 OUTCAR files
Folder /data2/andynn/Etch/01_dft_trset/07_slab/01_SiO2/01_SlabMD/02_O_terminated/01_300K/ has 100 OUTCAR files
Folder /data2/andynn/Etch/01_dft_trset/07_slab/01_SiO2/01_SlabMD/02_O_terminated/02_2000K/ has 100 OUTCAR files
Folder /data2/andynn/Etch/01_dft_trset/07_slab/01_SiO2/02_SlabMelt/md/anneal/ has 377 OUTCAR files
Folder /data2/andynn/Etch/01_dft_trset/07_slab/01_SiO2/02_SlabMelt/md/liquid/ has 502 OUTCAR files
Folder /data2/andynn/Etch/01_dft_trset/07_slab/01_SiO2/02_SlabMelt/md/melt/ has 253 OUTCAR files
Folder /data2/andynn/Etch/01_dft_trset/08_channeling/01_Si_terminated/ has 60 OUTCAR files
Folder /data2/andynn/Etch/01_dft_trset/08_channeling/02_O_terminated/ has 60 OUTCAR files
Folder /data2/andynn/Etch/01_dft_trset/09_chf_bulk/00_dft_oneshot/density_2.3/CF0.2/ has 382 OUTCAR files
Folder /data2/andynn/Etch/01_dft_trset/09_chf_bulk/00_dft_oneshot/density_2.3/CF0.4/ has 270 OUTCAR files
Folder /data2/andynn/Etch/01_dft_trset/09_chf_bulk/00_dft_oneshot/density_2.3/CH0.05F1/ has 444 OUTCAR files
Folder /data2/andynn/Etch/01_dft_trset/09_chf_bulk/00_dft_oneshot/density_2.3/CH0.1F0.1/ has 444 OUTCAR files
Folder /data2/andynn/Etch/01_dft_trset/09_chf_bulk/00_dft_oneshot/density_2.3/CH0.1F0.4/ has 444 OUTCAR files
Folder /data2/andynn/Etch/01_dft_trset/09_chf_bulk/00_dft_oneshot/density_2.3/CH0.1F0.6/ has 444 OUTCAR files
Folder /data2/andynn/Etch/01_dft_trset/09_chf_bulk/00_dft_oneshot/density_2.3/CH0.1F0.8/ has 444 OUTCAR files
Folder /data2/andynn/Etch/01_dft_trset/09_chf_bulk/00_dft_oneshot/density_2.3/CH0.15F1/ has 444 OUTCAR files
Folder /data2/andynn/Etch/01_dft_trset/11_vts_sm/01_d_normal/01_11816/ has 388 OUTCAR files
Folder /data2/andynn/Etch/01_dft_trset/11_vts_sm/01_d_normal/02_33313/ has 388 OUTCAR files
Folder /data2/andynn/Etch/01_dft_trset/11_vts_sm/01_d_normal/03_34211/ has 388 OUTCAR files
Folder /data2/andynn/Etch/01_dft_trset/11_vts_sm/01_d_normal/04_34050505/ has 388 OUTCAR files
Folder /data2/andynn/Etch/01_dft_trset/11_vts_sm/01_d_normal/05_29222/ has 388 OUTCAR files
Folder /data2/andynn/Etch/01_dft_trset/11_vts_sm/01_d_normal/06_11121/ has 388 OUTCAR files
Folder /data2/andynn/Etch/01_dft_trset/11_vts_sm/01_d_normal/07_71711/ has 388 OUTCAR files
Folder /data2/andynn/Etch/01_dft_trset/11_vts_sm/01_d_normal/08_410111/ has 388 OUTCAR files
Folder /data2/andynn/Etch/01_dft_trset/11_vts_sm/01_d_normal/09_314000/ has 388 OUTCAR files
Folder /data2/andynn/Etch/01_dft_trset/11_vts_sm/02_d_low/01_11816/ has 388 OUTCAR files
Folder /data2/andynn/Etch/01_dft_trset/11_vts_sm/02_d_low/02_33313/ has 388 OUTCAR files
Folder /data2/andynn/Etch/01_dft_trset/11_vts_sm/02_d_low/03_34211/ has 388 OUTCAR files
Folder /data2/andynn/Etch/01_dft_trset/11_vts_sm/02_d_low/04_34050505/ has 388 OUTCAR files
Folder /data2/andynn/Etch/01_dft_trset/11_vts_sm/02_d_low/05_29222/ has 388 OUTCAR files
Folder /data2/andynn/Etch/01_dft_trset/11_vts_sm/02_d_low/06_11121/ has 388 OUTCAR files
Folder /data2/andynn/Etch/01_dft_trset/11_vts_sm/02_d_low/07_71711/ has 388 OUTCAR files
Folder /data2/andynn/Etch/01_dft_trset/11_vts_sm/02_d_low/08_410111/ has 388 OUTCAR files
Folder /data2/andynn/Etch/01_dft_trset/11_vts_sm/02_d_low/09_314000/ has 388 OUTCAR files
